[root@lvm vagrant]# yum install xfsdump
Loaded plugins: fastestmirror
Loading mirror speeds from cached hostfile
 * base: mirror.docker.ru
 * extras: centos-mirror.rbc.ru
 * updates: mirror.docker.ru
Resolving Dependencies
--> Running transaction check
---> Package xfsdump.x86_64 0:3.1.7-1.el7 will be installed
--> Processing Dependency: attr >= 2.0.0 for package: xfsdump-3.1.7-1.el7.x86_64
--> Running transaction check
---> Package attr.x86_64 0:2.4.46-13.el7 will be installed
--> Finished Dependency Resolution

Dependencies Resolved

============================================================================================================================================================================================================
 Package                                         Arch                                           Version                                                  Repository                                    Size
============================================================================================================================================================================================================
Installing:
 xfsdump                                         x86_64                                         3.1.7-1.el7                                              base                                         308 k
Installing for dependencies:
 attr                                            x86_64                                         2.4.46-13.el7                                            base                                          66 k

Transaction Summary
============================================================================================================================================================================================================
Install  1 Package (+1 Dependent package)

Total download size: 374 k
Installed size: 1.1 M
Is this ok [y/d/N]: y
Downloading packages:
(1/2): attr-2.4.46-13.el7.x86_64.rpm                                                                                                                                                 |  66 kB  00:00:00     
(2/2): xfsdump-3.1.7-1.el7.x86_64.rpm                                                                                                                                                | 308 kB  00:00:00     
------------------------------------------------------------------------------------------------------------------------------------------------------------------------------------------------------------
Total                                                                                                                                                                       555 kB/s | 374 kB  00:00:00     
Running transaction check
Running transaction test
Transaction test succeeded
Running transaction
  Installing : attr-2.4.46-13.el7.x86_64                                                                                                                                                                1/2 
  Installing : xfsdump-3.1.7-1.el7.x86_64                                                                                                                                                               2/2 
  Verifying  : attr-2.4.46-13.el7.x86_64                                                                                                                                                                1/2 
  Verifying  : xfsdump-3.1.7-1.el7.x86_64                                                                                                                                                               2/2 

Installed:
  xfsdump.x86_64 0:3.1.7-1.el7                                                                                                                                                                              

Dependency Installed:
  attr.x86_64 0:2.4.46-13.el7                                                                                                                                                                               

Complete!
[root@lvm vagrant]# pvcreate /dev/sdb
  Physical volume "/dev/sdb" successfully created.
[root@lvm vagrant]# vgcreate vg_root /dev/sdb
  Volume group "vg_root" successfully created
[root@lvm vagrant]# lvcreate -n lv_root -l+100%FREE /dev/vg_root
  Logical volume "lv_root" created.
[root@lvm vagrant]# mkfs.xfs /dev/vg_root/lv_root 
meta-data=/dev/vg_root/lv_root   isize=512    agcount=4, agsize=655104 blks
         =                       sectsz=512   attr=2, projid32bit=1
         =                       crc=1        finobt=0, sparse=0
data     =                       bsize=4096   blocks=2620416, imaxpct=25
         =                       sunit=0      swidth=0 blks
naming   =version 2              bsize=4096   ascii-ci=0 ftype=1
log      =internal log           bsize=4096   blocks=2560, version=2
         =                       sectsz=512   sunit=0 blks, lazy-count=1
realtime =none                   extsz=4096   blocks=0, rtextents=0
[root@lvm vagrant]# mount /dev/vg_root/lv_root /mnt
[root@lvm vagrant]# xfsdump -J - /dev/VolGroup00/LogVol00 | xfsrestore -J - /mnt
xfsdump: using file dump (drive_simple) strategy
xfsdump: version 3.1.7 (dump format 3.0)
xfsrestore: using file dump (drive_simple) strategy
xfsrestore: version 3.1.7 (dump format 3.0)
xfsdump: level 0 dump of lvm:/
xfsdump: dump date: Fri Nov 15 08:01:07 2019
xfsdump: session id: ffe49ecd-da5e-4f4f-af15-c87dcac201e9
xfsdump: session label: ""
xfsrestore: searching media for dump
xfsdump: ino map phase 1: constructing initial dump list
xfsdump: ino map phase 2: skipping (no pruning necessary)
xfsdump: ino map phase 3: skipping (only one dump stream)
xfsdump: ino map construction complete
xfsdump: estimated dump size: 741992576 bytes
xfsdump: creating dump session media file 0 (media 0, file 0)
xfsdump: dumping ino map
xfsdump: dumping directories
xfsrestore: examining media file 0
xfsrestore: dump description: 
xfsrestore: hostname: lvm
xfsrestore: mount point: /
xfsrestore: volume: /dev/mapper/VolGroup00-LogVol00
xfsrestore: session time: Fri Nov 15 08:01:07 2019
xfsrestore: level: 0
xfsrestore: session label: ""
xfsrestore: media label: ""
xfsrestore: file system id: b60e9498-0baa-4d9f-90aa-069048217fee
xfsrestore: session id: ffe49ecd-da5e-4f4f-af15-c87dcac201e9
xfsrestore: media id: 7a9b6b1d-f2a6-4811-9097-bdcb7449e6fe
xfsrestore: searching media for directory dump
xfsrestore: reading directories
xfsdump: dumping non-directory files
xfsrestore: 2698 directories and 23616 entries processed
xfsrestore: directory post-processing
xfsrestore: restoring non-directory files
xfsdump: ending media file
xfsdump: media file size 718650976 bytes
xfsdump: dump size (non-dir files) : 705487488 bytes
xfsdump: dump complete: 8 seconds elapsed
xfsdump: Dump Status: SUCCESS
xfsrestore: restore complete: 8 seconds elapsed
xfsrestore: Restore Status: SUCCESS
[root@lvm vagrant]# ls /mnt
bin  boot  dev  etc  home  lib  lib64  media  mnt  opt  proc  root  run  sbin  srv  sys  tmp  usr  vagrant  var
[root@lvm vagrant]# for i in /proc/ /sys/ /dev/ /run/ /boot/; do mount --bind $i /mnt/$i; done
[root@lvm vagrant]# chroot /mnt/
[root@lvm /]# grub2-mkconfig -o /boot/grub2/grub.cfg 
Generating grub configuration file ...
Found linux image: /boot/vmlinuz-3.10.0-862.2.3.el7.x86_64
Found initrd image: /boot/initramfs-3.10.0-862.2.3.el7.x86_64.img
done
[root@lvm /]# cd /boot
[root@lvm boot]# for i in 'ls inittamfs-*img'; do dracut -v $i 'echo $i|sed "s/initramfs-//g;s/.img//g"' --force; done

Unknown arguments: echo $i|sed "s/initramfs-//g;s/.img//g"

Usage: /sbin/dracut [OPTION]... [<initramfs> [<kernel-version>]]

Version: 033-535.el7

Creates initial ramdisk images for preloading modules

  -h, --help  Display all options

If a [LIST] has multiple arguments, then you have to put these in quotes.

For example:

    # dracut --add-drivers "module1 module2"  ...

[root@lvm boot]# for i in 'ls inittamfs-*img'; do dracut -v $i'echo $i|sed "s/initramfs-//g;s/.img//g"' --force; done
/sbin/dracut: line 589: [: too many arguments
Kernel version inittamfs-*imgecho $i|sed "s/initramfs-//g;s/.img//g" has no module directory /lib/modules/inittamfs-*imgecho $i|sed "s/initramfs-//g;s/.img//g"
Executing: /sbin/dracut -v ls "inittamfs-*imgecho $i|sed "s/initramfs-//g;s/.img//g"" --force
dracut module 'busybox' will not be installed, because command 'busybox' could not be found!
dracut module 'crypt' will not be installed, because command 'cryptsetup' could not be found!
dracut module 'dmraid' will not be installed, because command 'dmraid' could not be found!
dracut module 'dmsquash-live-ntfs' will not be installed, because command 'ntfs-3g' could not be found!
dracut module 'multipath' will not be installed, because command 'multipath' could not be found!
dracut module 'busybox' will not be installed, because command 'busybox' could not be found!
dracut module 'crypt' will not be installed, because command 'cryptsetup' could not be found!
dracut module 'dmraid' will not be installed, because command 'dmraid' could not be found!
dracut module 'dmsquash-live-ntfs' will not be installed, because command 'ntfs-3g' could not be found!
dracut module 'multipath' will not be installed, because command 'multipath' could not be found!
*** Including module: bash ***
*** Including module: nss-softokn ***
*** Including module: i18n ***
*** Including module: drm ***
*** Including module: plymouth ***
*** Including module: dm ***
Skipping udev rule: 64-device-mapper.rules
Skipping udev rule: 60-persistent-storage-dm.rules
Skipping udev rule: 55-dm.rules
*** Including module: kernel-modules ***
*** Including module: lvm ***
Skipping udev rule: 64-device-mapper.rules
Skipping udev rule: 56-lvm.rules
Skipping udev rule: 60-persistent-storage-lvm.rules
*** Including module: qemu ***
*** Including module: resume ***
*** Including module: rootfs-block ***
*** Including module: terminfo ***
*** Including module: udev-rules ***
Skipping udev rule: 40-redhat-cpu-hotplug.rules
Skipping udev rule: 91-permissions.rules
*** Including module: biosdevname ***
*** Including module: systemd ***
*** Including module: usrmount ***
*** Including module: base ***
*** Including module: fs-lib ***
*** Including module: shutdown ***
*** Including modules done ***
Failed to install module hv_netvsc

Broadcast message from systemd-journald@lvm (Fri 2019-11-15 08:11:10 UTC):

dracut[4667]: Failed to install module hv_netvsc

*** Installing kernel module dependencies and firmware ***

Message from syslogd@localhost at Nov 15 08:11:10 ...
 dracut:Failed to install module hv_netvsc
*** Installing kernel module dependencies and firmware done ***
*** Resolving executable dependencies ***
*** Resolving executable dependencies done***
*** Hardlinking files ***
*** Hardlinking files done ***
*** Stripping files ***
*** Stripping files done ***
*** Generating early-microcode cpio image contents ***
*** No early-microcode cpio image needed ***
*** Store current command line parameters ***
*** Creating image file ***
*** Creating image file done ***
*** Creating initramfs image file '/boot/ls' done ***
[root@lvm boot]# sed -i "s%rd.lvm.lv=VolGroup00/LogVol00%rd.lvm.lv=vg_root/lv_root%" /boot/grub2/grub.cfg 

###########################REBOOT#####################################

[root@lvm boot]# cat /boot/grub2/grub.cfg | grep rd.lvm.lv
	linux16 /vmlinuz-3.10.0-862.2.3.el7.x86_64 root=/dev/mapper/vg_root-lv_root ro no_timer_check console=tty0 console=ttyS0,115200n8 net.ifnames=0 biosdevname=0 elevator=noop crashkernel=auto rd.lvm.lv=vg_root/lv_root rd.lvm.lv=VolGroup00/LogVol01 rhgb quiet 

[root@lvm vagrant]# lsblk
NAME                    MAJ:MIN RM  SIZE RO TYPE MOUNTPOINT
sda                       8:0    0   40G  0 disk 
├─sda1                    8:1    0    1M  0 part 
├─sda2                    8:2    0    1G  0 part /boot
└─sda3                    8:3    0   39G  0 part 
  ├─VolGroup00-LogVol01 253:1    0  1.5G  0 lvm  [SWAP]
  └─VolGroup00-LogVol00 253:2    0 37.5G  0 lvm  
sdb                       8:16   0   10G  0 disk 
└─vg_root-lv_root       253:0    0   10G  0 lvm  /
sdc                       8:32   0    2G  0 disk 
sdd                       8:48   0    1G  0 disk 
sde                       8:64   0    1G  0 disk 

[root@lvm vagrant]# lvremove /dev/VolGroup00/LogVol00
Do you really want to remove active logical volume VolGroup00/LogVol00? [y/n]: y
  Logical volume "LogVol00" successfully removed

[root@lvm vagrant]# lvcreate -n VolGroup00/LogVol00 -L 8G /dev/VolGroup00
WARNING: xfs signature detected on /dev/VolGroup00/LogVol00 at offset 0. Wipe it? [y/n]: y
  Wiping xfs signature on /dev/VolGroup00/LogVol00.
  Logical volume "LogVol00" created.

[root@lvm vagrant]# mkfs.xfs /dev/VolGroup00/LogVol00 
meta-data=/dev/VolGroup00/LogVol00 isize=512    agcount=4, agsize=524288 blks
         =                       sectsz=512   attr=2, projid32bit=1
         =                       crc=1        finobt=0, sparse=0
data     =                       bsize=4096   blocks=2097152, imaxpct=25
         =                       sunit=0      swidth=0 blks
naming   =version 2              bsize=4096   ascii-ci=0 ftype=1
log      =internal log           bsize=4096   blocks=2560, version=2
         =                       sectsz=512   sunit=0 blks, lazy-count=1
realtime =none                   extsz=4096   blocks=0, rtextents=0

[root@lvm vagrant]# mount /dev/VolGroup00/LogVol00 /mnt

[root@lvm vagrant]# xfsdump -J - /dev/vg_root/lv_root | xfsrestore -J - /mnt
xfsrestore: using file dump (drive_simple) strategy
xfsrestore: version 3.1.7 (dump format 3.0)
xfsdump: using file dump (drive_simple) strategy
xfsdump: version 3.1.7 (dump format 3.0)
xfsdump: level 0 dump of lvm:/
xfsdump: dump date: Fri Nov 15 08:20:25 2019
xfsdump: session id: a9051d38-c348-4e1c-bc34-a21e8bcf4098
xfsdump: session label: ""
xfsrestore: searching media for dump
xfsdump: ino map phase 1: constructing initial dump list
xfsdump: ino map phase 2: skipping (no pruning necessary)
xfsdump: ino map phase 3: skipping (only one dump stream)
xfsdump: ino map construction complete
xfsdump: estimated dump size: 740716224 bytes
xfsdump: creating dump session media file 0 (media 0, file 0)
xfsdump: dumping ino map
xfsdump: dumping directories
xfsrestore: examining media file 0
xfsrestore: dump description: 
xfsrestore: hostname: lvm
xfsrestore: mount point: /
xfsrestore: volume: /dev/mapper/vg_root-lv_root
xfsrestore: session time: Fri Nov 15 08:20:25 2019
xfsrestore: level: 0
xfsrestore: session label: ""
xfsrestore: media label: ""
xfsrestore: file system id: 454f855f-3de1-4340-8f79-17fd54725a37
xfsrestore: session id: a9051d38-c348-4e1c-bc34-a21e8bcf4098
xfsrestore: media id: 162783f6-6752-4137-8eb4-408ee9a48109
xfsrestore: searching media for directory dump
xfsrestore: reading directories
xfsdump: dumping non-directory files
xfsrestore: 2702 directories and 23621 entries processed
xfsrestore: directory post-processing
xfsrestore: restoring non-directory files
xfsdump: ending media file
xfsdump: media file size 717297040 bytes
xfsdump: dump size (non-dir files) : 704129872 bytes
xfsdump: dump complete: 13 seconds elapsed
xfsdump: Dump Status: SUCCESS
xfsrestore: restore complete: 13 seconds elapsed
xfsrestore: Restore Status: SUCCESS

[root@lvm vagrant]# for i in /proc/ /sys/ /dev/ /run/ /boot/; do mount --bind $i /mnt/$i; done

[root@lvm vagrant]# chroot /mnt/

[root@lvm /]# grub2-mkconfig -o /boot/grub2/grub.cfg 
Generating grub configuration file ...
Found linux image: /boot/vmlinuz-3.10.0-862.2.3.el7.x86_64
Found initrd image: /boot/initramfs-3.10.0-862.2.3.el7.x86_64.img
done

[root@lvm /]# cd /boot

[root@lvm boot]# for i in 'ls inittamfs-*img'; do dracut -v $i'echo $i|sed "s/initramfs-//g;s/.img//g"' --force; done
/sbin/dracut: line 589: [: too many arguments
Kernel version inittamfs-*imgecho $i|sed "s/initramfs-//g;s/.img//g" has no module directory /lib/modules/inittamfs-*imgecho $i|sed "s/initramfs-//g;s/.img//g"
Executing: /sbin/dracut -v ls "inittamfs-*imgecho $i|sed "s/initramfs-//g;s/.img//g"" --force
dracut module 'busybox' will not be installed, because command 'busybox' could not be found!
dracut module 'crypt' will not be installed, because command 'cryptsetup' could not be found!
dracut module 'dmraid' will not be installed, because command 'dmraid' could not be found!
dracut module 'dmsquash-live-ntfs' will not be installed, because command 'ntfs-3g' could not be found!
dracut module 'multipath' will not be installed, because command 'multipath' could not be found!
dracut module 'busybox' will not be installed, because command 'busybox' could not be found!
dracut module 'crypt' will not be installed, because command 'cryptsetup' could not be found!
dracut module 'dmraid' will not be installed, because command 'dmraid' could not be found!
dracut module 'dmsquash-live-ntfs' will not be installed, because command 'ntfs-3g' could not be found!
dracut module 'multipath' will not be installed, because command 'multipath' could not be found!
*** Including module: bash ***
*** Including module: nss-softokn ***
*** Including module: i18n ***
*** Including module: drm ***
*** Including module: plymouth ***
*** Including module: dm ***
Skipping udev rule: 64-device-mapper.rules
Skipping udev rule: 60-persistent-storage-dm.rules
Skipping udev rule: 55-dm.rules
*** Including module: kernel-modules ***
*** Including module: lvm ***
Skipping udev rule: 64-device-mapper.rules
Skipping udev rule: 56-lvm.rules
Skipping udev rule: 60-persistent-storage-lvm.rules
*** Including module: qemu ***
*** Including module: resume ***
*** Including module: rootfs-block ***
*** Including module: terminfo ***
*** Including module: udev-rules ***
Skipping udev rule: 40-redhat-cpu-hotplug.rules
Skipping udev rule: 91-permissions.rules
*** Including module: biosdevname ***
*** Including module: systemd ***
*** Including module: usrmount ***
*** Including module: base ***
*** Including module: fs-lib ***
*** Including module: shutdown ***
*** Including modules done ***
Failed to install module hv_netvsc

Broadcast message from systemd-journald@lvm (Fri 2019-11-15 08:22:29 UTC):

dracut[1959]: Failed to install module hv_netvsc

*** Installing kernel module dependencies and firmware ***

Message from syslogd@lvm at Nov 15 08:22:29 ...
 dracut:Failed to install module hv_netvsc
*** Installing kernel module dependencies and firmware done ***
*** Resolving executable dependencies ***
*** Resolving executable dependencies done***
*** Hardlinking files ***
*** Hardlinking files done ***
*** Stripping files ***
*** Stripping files done ***
*** Generating early-microcode cpio image contents ***
*** No early-microcode cpio image needed ***
*** Store current command line parameters ***
*** Creating image file ***
*** Creating image file done ***
*** Creating initramfs image file '/boot/ls' done ***

[root@lvm boot]# pvcreate /dev/sdc /dev/sdd
  Physical volume "/dev/sdc" successfully created.
  Physical volume "/dev/sdd" successfully created.

[root@lvm boot]# vgcreate vg_var /dev/sdc /dev/sdd
  Volume group "vg_var" successfully created

[root@lvm boot]# lvcreate -L 950M -m1 -n lv_var vg_var
  Rounding up size to full physical extent 952.00 MiB
  Logical volume "lv_var" created.

[root@lvm boot]# mkfs.ext4 /dev/vg_
vg_root/ vg_var/  

[root@lvm boot]# mkfs.ext4 /dev/vg_var/lv_var 
mke2fs 1.42.9 (28-Dec-2013)
Filesystem label=
OS type: Linux
Block size=4096 (log=2)
Fragment size=4096 (log=2)
Stride=0 blocks, Stripe width=0 blocks
60928 inodes, 243712 blocks
12185 blocks (5.00%) reserved for the super user
First data block=0
Maximum filesystem blocks=249561088
8 block groups
32768 blocks per group, 32768 fragments per group
7616 inodes per group
Superblock backups stored on blocks: 
	32768, 98304, 163840, 229376

Allocating group tables: done                            
Writing inode tables: done                            
Creating journal (4096 blocks): done
Writing superblocks and filesystem accounting information: done

[root@lvm boot]# mount /dev/vg_var/lv_var /mnt

[root@lvm boot]# cp -aR /var/* /mnt/

[root@lvm boot]# mkdir /tmp/oldvar && mv /var/* /tmp/oldvar

[root@lvm boot]# umount /mnt

[root@lvm boot]# mount /dev/vg_var/lv_var /var

[root@lvm boot]# echo "`blkid | grep var: | awk '{print $2}'` /var ext4 defaults 0 0" >> /etc/fstab 

[root@lvm boot]# cat /etc/fstab 

#
# /etc/fstab
# Created by anaconda on Sat May 12 18:50:26 2018
#
# Accessible filesystems, by reference, are maintained under '/dev/disk'
# See man pages fstab(5), findfs(8), mount(8) and/or blkid(8) for more info
#
/dev/mapper/VolGroup00-LogVol00 /                       xfs     defaults        0 0
UUID=570897ca-e759-4c81-90cf-389da6eee4cc /boot                   xfs     defaults        0 0
/dev/mapper/VolGroup00-LogVol01 swap                    swap    defaults        0 0
UUID="a2c1b3c1-af5b-4d85-80a6-cdbe339e4874" /var ext4 defaults 0 0

####################REBOOT###########################

[root@lvm vagrant]# lvremove /dev/vg_root/lv_root 
Do you really want to remove active logical volume vg_root/lv_root? [y/n]: y
  Logical volume "lv_root" successfully removed

[root@lvm vagrant]# vgremove /dev/vg_root
  Volume group "vg_root" successfully removed

[root@lvm vagrant]# pvremove /dev/sdb
  Labels on physical volume "/dev/sdb" successfully wiped.

[root@lvm vagrant]# lvcreate -n LogVol_Home -L 2G /dev/VolGroup00
  Logical volume "LogVol_Home" created.

[root@lvm vagrant]# mkfs.xfs /dev/VolGroup00/LogVol_Home 
meta-data=/dev/VolGroup00/LogVol_Home isize=512    agcount=4, agsize=131072 blks
         =                       sectsz=512   attr=2, projid32bit=1
         =                       crc=1        finobt=0, sparse=0
data     =                       bsize=4096   blocks=524288, imaxpct=25
         =                       sunit=0      swidth=0 blks
naming   =version 2              bsize=4096   ascii-ci=0 ftype=1
log      =internal log           bsize=4096   blocks=2560, version=2
         =                       sectsz=512   sunit=0 blks, lazy-count=1
realtime =none                   extsz=4096   blocks=0, rtextents=0

[root@lvm vagrant]# mount /dev/VolGroup00/LogVol_Home /mnt

[root@lvm vagrant]# cp -aR /home/* /mnt/

[root@lvm vagrant]# rm -rf /home/*

[root@lvm vagrant]# umount /mnt

[root@lvm vagrant]# mount /dev/VolGroup00/LogVol_Home /home/

[root@lvm vagrant]# echo "`blkid | grep Home | awk '{print $2}'` /home xfs defaults 0 0" >> /etc/fstab

[root@lvm vagrant]# cat /etc/fstab 

#
# /etc/fstab
# Created by anaconda on Sat May 12 18:50:26 2018
#
# Accessible filesystems, by reference, are maintained under '/dev/disk'
# See man pages fstab(5), findfs(8), mount(8) and/or blkid(8) for more info
#
/dev/mapper/VolGroup00-LogVol00 /                       xfs     defaults        0 0
UUID=570897ca-e759-4c81-90cf-389da6eee4cc /boot                   xfs     defaults        0 0
/dev/mapper/VolGroup00-LogVol01 swap                    swap    defaults        0 0
UUID="a2c1b3c1-af5b-4d85-80a6-cdbe339e4874" /var ext4 defaults 0 0
UUID="5938b18f-875d-4b96-a21a-b748b5bd23e2" /home xfs defaults 0 0

[root@lvm vagrant]# touch /home/file{1..20}

[root@lvm vagrant]# lvcreate -L 100MB -s -n home_snap /dev/VolGroup00/LogVol_Home
  Rounding up size to full physical extent 128.00 MiB
  Logical volume "home_snap" created.

[root@lvm vagrant]# rm -f /home/file{11..20}

[root@lvm vagrant]# umount /home/

[root@lvm vagrant]# lvconvert --merge /dev/VolGroup00/home_snap 
  Merging of volume VolGroup00/home_snap started.
  VolGroup00/LogVol_Home: Merged: 100.00%

[root@lvm vagrant]# mount /home/

[root@lvm vagrant]# ll /home/
total 0
-rw-r--r--. 1 root    root     0 Nov 15 08:39 file1
-rw-r--r--. 1 root    root     0 Nov 15 08:39 file10
-rw-r--r--. 1 root    root     0 Nov 15 08:39 file11
-rw-r--r--. 1 root    root     0 Nov 15 08:39 file12
-rw-r--r--. 1 root    root     0 Nov 15 08:39 file13
-rw-r--r--. 1 root    root     0 Nov 15 08:39 file14
-rw-r--r--. 1 root    root     0 Nov 15 08:39 file15
-rw-r--r--. 1 root    root     0 Nov 15 08:39 file16
-rw-r--r--. 1 root    root     0 Nov 15 08:39 file17
-rw-r--r--. 1 root    root     0 Nov 15 08:39 file18
-rw-r--r--. 1 root    root     0 Nov 15 08:39 file19
-rw-r--r--. 1 root    root     0 Nov 15 08:39 file2
-rw-r--r--. 1 root    root     0 Nov 15 08:39 file20
-rw-r--r--. 1 root    root     0 Nov 15 08:39 file3
-rw-r--r--. 1 root    root     0 Nov 15 08:39 file4
-rw-r--r--. 1 root    root     0 Nov 15 08:39 file5
-rw-r--r--. 1 root    root     0 Nov 15 08:39 file6
-rw-r--r--. 1 root    root     0 Nov 15 08:39 file7
-rw-r--r--. 1 root    root     0 Nov 15 08:39 file8
-rw-r--r--. 1 root    root     0 Nov 15 08:39 file9
drwx------. 3 vagrant vagrant 92 Nov 15 07:58 vagrant

